[insmobil.com/assets/images/favicon.png]
[backblue.gif]
[fade.gif]
[index.html]
[insmobil.com/assets/images/logo.png]
[pagead2.googlesyndication.com/pagead/js/f.txt]
[insmobil.com/assets/image1/1.png]
[insmobil.com/assets/image1/2.png]
[insmobil.com/assets/image1/3.png]
[insmobil.com/assets/image1/4.png]
[insmobil.com/assets/image1/5.png]
[insmobil.com/assets/image1/6.png]
[widgets.amung.us/classic.js]
[insmobil.com/assets/jquery/2.2.4/jquery.min.js]
[insmobil.com/assets/bootstrap/js/bootstrap.min.js]
[insmobil.com/assets/scripts/fancybox/source/jquery.fancybox.pack.js]
[insmobil.com/assets/lightgallery/dist/js/lightgallery.min.js]
[insmobil.com/assets/lightgallery/dist/js/lg-video.min.js]
[insmobil.com/assets/lazyload/jquery.lazyload.min.js]
[insmobil.com/assets/nprogress/nprogress.js]
[insmobil.com/assets/core/corecb34.js]
[www.google-analytics.com/analytics.js]
[insmobil.com/index.html]
[insmobil.com/assets/bootstrap/fonts/glyphicons-halflings-regular.eot]
[insmobil.com/assets/bootstrap/fonts/glyphicons-halflings-regulard41d.eot]
[insmobil.com/assets/bootstrap/fonts/glyphicons-halflings-regular.woff2]
[insmobil.com/assets/bootstrap/fonts/glyphicons-halflings-regular.woff]
[insmobil.com/assets/bootstrap/fonts/glyphicons-halflings-regular.ttf]
[insmobil.com/assets/bootstrap/css/bootstrap-paper.min.css]
[insmobil.com/assets/lightgallery/dist/fonts/lgd641.eot]
[insmobil.com/assets/lightgallery/dist/fonts/lgd41d.eot]
[insmobil.com/assets/lightgallery/dist/fonts/lgd641.woff]
[insmobil.com/assets/lightgallery/dist/fonts/lgd641.ttf]
[insmobil.com/assets/lightgallery/dist/img/vimeo-play.png]
[insmobil.com/assets/lightgallery/dist/img/video-play.png]
[insmobil.com/assets/lightgallery/dist/img/youtube-play.png]
[insmobil.com/assets/lightgallery/dist/img/loading.gif]
[insmobil.com/assets/lightgallery/dist/css/lightgallery.min.css]
[insmobil.com/assets/scripts/fancybox/source/fancybox_sprite.png]
[insmobil.com/assets/scripts/fancybox/source/fancybox_loading.gif]
[insmobil.com/assets/scripts/fancybox/source/blank.gif]
[insmobil.com/assets/scripts/fancybox/source/fancybox_overlay.png]
[insmobil.com/assets/scripts/fancybox/source/fancybox_sprite@2x.png]
[insmobil.com/assets/scripts/fancybox/source/fancybox_loading@2x.gif]
[insmobil.com/assets/scripts/fancybox/source/jquery.fancybox8cbb.css]
[insmobil.com/assets/fonts/fontawesome-webfont5b62.eot]
[insmobil.com/assets/fonts/fontawesome-webfontd41d.eot]
[insmobil.com/assets/fonts/fontawesome-webfont5b62.woff2]
[insmobil.com/assets/fonts/fontawesome-webfont5b62.woff]
[insmobil.com/assets/fonts/fontawesome-webfont5b62.ttf]
[insmobil.com/assets/style/font-awesome.min.css]
[insmobil.com/assets/images/play-btn.png]
[insmobil.com/assets/style/paper7688.css]
[insmobil.com/assets/style/animate.css]
[insmobil.com/assets/nprogress/nprogress.css]
[insmobil.com/giris-yap.html]
[insmobil.com/tools.html]
[insmobil.com/packages.html]
[insmobil.com/assets/images/blogs/instagram_logo.gif]
[insmobil.com/assets/images/instagram-takipci-kazanma-sitesi.jpg]
[insmobil.com/sss.jpg]
[insmobil.com/blog.html]
[insmobil.com/blog/sisteme-giris-ve-sorumluluklar.html]
[insmobil.com/blog/sikca-sorulan-sorular.html]
[i.hizliresim.com/yE3Ly0.jpg]
[widgets.amung.us/classic.js]
[insmobil.com/assets/bootstrap/fonts/glyphicons-halflings-regular.svg]
[insmobil.com/assets/lightgallery/dist/fonts/lgd641.svg]
[insmobil.com/assets/fonts/fontawesome-webfont5b62.svg]
[insmobil.com/tools/send-like.html]
[insmobil.com/tools/story-view.html]
[insmobil.com/tools/send-follower.html]
[insmobil.com/tools/send-comment.html]
[insmobil.com/tools/nonfollow-users.html]
[insmobil.com/tools/send-view-video.html]
[insmobil.com/tools/send-save.html]
[insmobil.com/tools/auto-like-packages.html]
[cdn.tynt.com/tc.js]
[i.hizliresim.com/EDEMLD.png]
[i.hizliresim.com/DDkq1y.png]
[i.hizliresim.com/mo8Zb2.png]
[insmobil.com/blog/instagram-uzgunuz-sifren-yanlisti-sorunu-cozumu.html]
[insmobil.com/blog/bir-fotograf-veya-videonun-baglantisini-url-nasil-edinirim.html]
[insmobil.com/blog/instagram-begeni-hilesi-2018.html]
[insmobil.com/blog/instagram-takipci-arttirma.html]
[insmobil.com/blog/instagram-takip.html]
[insmobil.com/blog/instagram-hileleri.html]
[insmobil.com/amung.us/classic.html]
[insmobil.com/blog/instagram-takipci-ve-begeni-nasil-arttirilir.html]
[insmobil.com/tools/index.html]
[resmim.net/f/vwXEZM01df.png]
